// Jest Snapshot v1, https://goo.gl/fbAQLP

exports[`should test the Loading component page 1`] = `
<div
  className="loader"
>
  <img
    className="loader__image"
    src="/imagens/loader.gif"
  />
</div>
`;
